// Vitest Snapshot v1, https://vitest.dev/guide/snapshot.html

exports[`react config > matches error rules snapshot 1`] = `
[
  "@next/next/inline-script-id",
  "@next/next/no-assign-module-variable",
  "@next/next/no-document-import-in-page",
  "@next/next/no-duplicate-head",
  "@next/next/no-head-import-in-document",
  "@next/next/no-html-link-for-pages",
  "@next/next/no-script-component-in-head",
  "@next/next/no-sync-scripts",
  "@tanstack/query/exhaustive-deps",
  "@tanstack/query/stable-query-client",
  "@typescript-eslint/ban-ts-comment",
  "@typescript-eslint/ban-types",
  "@typescript-eslint/no-array-constructor",
  "@typescript-eslint/no-duplicate-enum-values",
  "@typescript-eslint/no-explicit-any",
  "@typescript-eslint/no-extra-non-null-assertion",
  "@typescript-eslint/no-loss-of-precision",
  "@typescript-eslint/no-misused-new",
  "@typescript-eslint/no-namespace",
  "@typescript-eslint/no-non-null-asserted-optional-chain",
  "@typescript-eslint/no-this-alias",
  "@typescript-eslint/no-unnecessary-type-constraint",
  "@typescript-eslint/no-unsafe-declaration-merging",
  "@typescript-eslint/no-unused-vars",
  "@typescript-eslint/no-var-requires",
  "@typescript-eslint/prefer-as-const",
  "@typescript-eslint/triple-slash-reference",
  "constructor-super",
  "for-direction",
  "getter-return",
  "jsx-a11y/alt-text",
  "jsx-a11y/anchor-has-content",
  "jsx-a11y/anchor-is-valid",
  "jsx-a11y/aria-activedescendant-has-tabindex",
  "jsx-a11y/aria-props",
  "jsx-a11y/aria-proptypes",
  "jsx-a11y/aria-role",
  "jsx-a11y/aria-unsupported-elements",
  "jsx-a11y/autocomplete-valid",
  "jsx-a11y/click-events-have-key-events",
  "jsx-a11y/heading-has-content",
  "jsx-a11y/html-has-lang",
  "jsx-a11y/iframe-has-title",
  "jsx-a11y/img-redundant-alt",
  "jsx-a11y/interactive-supports-focus",
  "jsx-a11y/label-has-associated-control",
  "jsx-a11y/media-has-caption",
  "jsx-a11y/mouse-events-have-key-events",
  "jsx-a11y/no-access-key",
  "jsx-a11y/no-autofocus",
  "jsx-a11y/no-distracting-elements",
  "jsx-a11y/no-interactive-element-to-noninteractive-role",
  "jsx-a11y/no-noninteractive-element-interactions",
  "jsx-a11y/no-noninteractive-element-to-interactive-role",
  "jsx-a11y/no-noninteractive-tabindex",
  "jsx-a11y/no-redundant-roles",
  "jsx-a11y/no-static-element-interactions",
  "jsx-a11y/role-has-required-aria-props",
  "jsx-a11y/role-supports-aria-props",
  "jsx-a11y/scope",
  "jsx-a11y/tabindex-no-positive",
  "n/no-deprecated-api",
  "n/no-exports-assign",
  "n/no-extraneous-import",
  "n/no-extraneous-require",
  "n/no-missing-require",
  "n/no-process-exit",
  "n/no-unpublished-bin",
  "n/no-unpublished-import",
  "n/no-unpublished-require",
  "n/no-unsupported-features/es-builtins",
  "n/no-unsupported-features/es-syntax",
  "n/no-unsupported-features/node-builtins",
  "n/process-exit-as-throw",
  "n/shebang",
  "no-async-promise-executor",
  "no-case-declarations",
  "no-class-assign",
  "no-compare-neg-zero",
  "no-cond-assign",
  "no-const-assign",
  "no-constant-binary-expression",
  "no-constant-condition",
  "no-control-regex",
  "no-debugger",
  "no-delete-var",
  "no-dupe-args",
  "no-dupe-class-members",
  "no-dupe-else-if",
  "no-dupe-keys",
  "no-duplicate-case",
  "no-empty",
  "no-empty-character-class",
  "no-empty-pattern",
  "no-empty-static-block",
  "no-ex-assign",
  "no-extra-boolean-cast",
  "no-fallthrough",
  "no-func-assign",
  "no-global-assign",
  "no-import-assign",
  "no-invalid-regexp",
  "no-irregular-whitespace",
  "no-misleading-character-class",
  "no-new-native-nonconstructor",
  "no-nonoctal-decimal-escape",
  "no-obj-calls",
  "no-octal",
  "no-prototype-builtins",
  "no-redeclare",
  "no-regex-spaces",
  "no-self-assign",
  "no-setter-return",
  "no-shadow-restricted-names",
  "no-sparse-arrays",
  "no-this-before-super",
  "no-undef",
  "no-unexpected-multiline",
  "no-unreachable",
  "no-unsafe-finally",
  "no-unsafe-negation",
  "no-unsafe-optional-chaining",
  "no-unused-labels",
  "no-unused-private-class-members",
  "no-useless-backreference",
  "no-useless-catch",
  "no-useless-escape",
  "no-with",
  "node-import/prefer-node-protocol",
  "prefer-arrow/prefer-arrow-functions",
  "prefer-const",
  "prettier/prettier",
  "react-hooks/rules-of-hooks",
  "react/display-name",
  "react/jsx-key",
  "react/jsx-no-comment-textnodes",
  "react/jsx-no-duplicate-props",
  "react/jsx-no-target-blank",
  "react/jsx-no-undef",
  "react/jsx-uses-react",
  "react/jsx-uses-vars",
  "react/no-children-prop",
  "react/no-danger-with-children",
  "react/no-deprecated",
  "react/no-direct-mutation-state",
  "react/no-find-dom-node",
  "react/no-is-mounted",
  "react/no-render-return-value",
  "react/no-string-refs",
  "react/no-unescaped-entities",
  "react/no-unknown-property",
  "react/prop-types",
  "react/react-in-jsx-scope",
  "react/require-render-return",
  "require-yield",
  "simple-import-sort/exports",
  "simple-import-sort/imports",
  "tailwindcss/no-contradicting-classname",
  "unicorn/better-regex",
  "unicorn/catch-error-name",
  "unicorn/consistent-function-scoping",
  "unicorn/empty-brace-spaces",
  "unicorn/error-message",
  "unicorn/escape-case",
  "unicorn/expiring-todo-comments",
  "unicorn/explicit-length-check",
  "unicorn/filename-case",
  "unicorn/import-style",
  "unicorn/new-for-builtins",
  "unicorn/no-anonymous-default-export",
  "unicorn/no-array-callback-reference",
  "unicorn/no-array-for-each",
  "unicorn/no-array-method-this-argument",
  "unicorn/no-array-push-push",
  "unicorn/no-array-reduce",
  "unicorn/no-await-expression-member",
  "unicorn/no-await-in-promise-methods",
  "unicorn/no-console-spaces",
  "unicorn/no-document-cookie",
  "unicorn/no-empty-file",
  "unicorn/no-for-loop",
  "unicorn/no-hex-escape",
  "unicorn/no-instanceof-array",
  "unicorn/no-invalid-remove-event-listener",
  "unicorn/no-lonely-if",
  "unicorn/no-negated-condition",
  "unicorn/no-nested-ternary",
  "unicorn/no-new-array",
  "unicorn/no-new-buffer",
  "unicorn/no-object-as-default-parameter",
  "unicorn/no-process-exit",
  "unicorn/no-single-promise-in-promise-methods",
  "unicorn/no-static-only-class",
  "unicorn/no-thenable",
  "unicorn/no-this-assignment",
  "unicorn/no-typeof-undefined",
  "unicorn/no-unnecessary-await",
  "unicorn/no-unnecessary-polyfills",
  "unicorn/no-unreadable-array-destructuring",
  "unicorn/no-unreadable-iife",
  "unicorn/no-useless-fallback-in-spread",
  "unicorn/no-useless-length-check",
  "unicorn/no-useless-promise-resolve-reject",
  "unicorn/no-useless-spread",
  "unicorn/no-useless-switch-case",
  "unicorn/no-useless-undefined",
  "unicorn/no-zero-fractions",
  "unicorn/number-literal-case",
  "unicorn/numeric-separators-style",
  "unicorn/prefer-add-event-listener",
  "unicorn/prefer-array-find",
  "unicorn/prefer-array-flat",
  "unicorn/prefer-array-flat-map",
  "unicorn/prefer-array-index-of",
  "unicorn/prefer-array-some",
  "unicorn/prefer-at",
  "unicorn/prefer-blob-reading-methods",
  "unicorn/prefer-code-point",
  "unicorn/prefer-date-now",
  "unicorn/prefer-default-parameters",
  "unicorn/prefer-dom-node-append",
  "unicorn/prefer-dom-node-dataset",
  "unicorn/prefer-dom-node-remove",
  "unicorn/prefer-dom-node-text-content",
  "unicorn/prefer-event-target",
  "unicorn/prefer-export-from",
  "unicorn/prefer-includes",
  "unicorn/prefer-keyboard-event-key",
  "unicorn/prefer-logical-operator-over-ternary",
  "unicorn/prefer-math-trunc",
  "unicorn/prefer-modern-dom-apis",
  "unicorn/prefer-modern-math-apis",
  "unicorn/prefer-module",
  "unicorn/prefer-native-coercion-functions",
  "unicorn/prefer-negative-index",
  "unicorn/prefer-node-protocol",
  "unicorn/prefer-number-properties",
  "unicorn/prefer-object-from-entries",
  "unicorn/prefer-optional-catch-binding",
  "unicorn/prefer-prototype-methods",
  "unicorn/prefer-query-selector",
  "unicorn/prefer-reflect-apply",
  "unicorn/prefer-regexp-test",
  "unicorn/prefer-set-has",
  "unicorn/prefer-set-size",
  "unicorn/prefer-spread",
  "unicorn/prefer-string-replace-all",
  "unicorn/prefer-string-slice",
  "unicorn/prefer-string-starts-ends-with",
  "unicorn/prefer-string-trim-start-end",
  "unicorn/prefer-switch",
  "unicorn/prefer-ternary",
  "unicorn/prefer-top-level-await",
  "unicorn/prefer-type-error",
  "unicorn/relative-url-style",
  "unicorn/require-array-join-separator",
  "unicorn/require-number-to-fixed-digits-argument",
  "unicorn/switch-case-braces",
  "unicorn/template-indent",
  "unicorn/text-encoding-identifier-case",
  "unicorn/throw-new-error",
  "use-isnan",
  "valid-typeof",
]
`;

exports[`react config > matches warning rules snapshot 1`] = `
[
  "@next/next/google-font-display",
  "@next/next/google-font-preconnect",
  "@next/next/next-script-for-ga",
  "@next/next/no-async-client-component",
  "@next/next/no-before-interactive-script-outside-document",
  "@next/next/no-css-tags",
  "@next/next/no-head-element",
  "@next/next/no-img-element",
  "@next/next/no-page-custom-font",
  "@next/next/no-styled-jsx-in-document",
  "@next/next/no-title-in-document-head",
  "@next/next/no-typos",
  "@next/next/no-unwanted-polyfillio",
  "@tanstack/query/no-rest-destructuring",
  "react-hooks/exhaustive-deps",
  "tailwindcss/classnames-order",
  "tailwindcss/enforces-negative-arbitrary-values",
  "tailwindcss/enforces-shorthand",
  "tailwindcss/migration-from-tailwind-2",
  "tailwindcss/no-custom-classname",
  "tailwindcss/no-unnecessary-arbitrary-value",
]
`;
