// Vitest Snapshot v1, https://vitest.dev/guide/snapshot.html

exports[`base config > matches error rules snapshot 1`] = `
[
  "constructor-super",
  "for-direction",
  "getter-return",
  "n/no-deprecated-api",
  "n/no-exports-assign",
  "n/no-extraneous-import",
  "n/no-extraneous-require",
  "n/no-missing-require",
  "n/no-process-exit",
  "n/no-unpublished-bin",
  "n/no-unpublished-import",
  "n/no-unpublished-require",
  "n/no-unsupported-features/es-builtins",
  "n/no-unsupported-features/es-syntax",
  "n/no-unsupported-features/node-builtins",
  "n/process-exit-as-throw",
  "n/shebang",
  "no-async-promise-executor",
  "no-case-declarations",
  "no-class-assign",
  "no-compare-neg-zero",
  "no-cond-assign",
  "no-const-assign",
  "no-constant-binary-expression",
  "no-constant-condition",
  "no-control-regex",
  "no-debugger",
  "no-delete-var",
  "no-dupe-args",
  "no-dupe-class-members",
  "no-dupe-else-if",
  "no-dupe-keys",
  "no-duplicate-case",
  "no-empty",
  "no-empty-character-class",
  "no-empty-pattern",
  "no-empty-static-block",
  "no-ex-assign",
  "no-extra-boolean-cast",
  "no-fallthrough",
  "no-func-assign",
  "no-global-assign",
  "no-import-assign",
  "no-invalid-regexp",
  "no-irregular-whitespace",
  "no-loss-of-precision",
  "no-misleading-character-class",
  "no-new-native-nonconstructor",
  "no-nonoctal-decimal-escape",
  "no-obj-calls",
  "no-octal",
  "no-prototype-builtins",
  "no-redeclare",
  "no-regex-spaces",
  "no-self-assign",
  "no-setter-return",
  "no-shadow-restricted-names",
  "no-sparse-arrays",
  "no-this-before-super",
  "no-undef",
  "no-unexpected-multiline",
  "no-unreachable",
  "no-unsafe-finally",
  "no-unsafe-negation",
  "no-unsafe-optional-chaining",
  "no-unused-labels",
  "no-unused-private-class-members",
  "no-unused-vars",
  "no-useless-backreference",
  "no-useless-catch",
  "no-useless-escape",
  "no-with",
  "node-import/prefer-node-protocol",
  "prefer-arrow/prefer-arrow-functions",
  "prefer-const",
  "prettier/prettier",
  "promise/always-return",
  "promise/catch-or-return",
  "promise/no-new-statics",
  "promise/no-return-wrap",
  "promise/param-names",
  "require-yield",
  "simple-import-sort/exports",
  "simple-import-sort/imports",
  "unicorn/better-regex",
  "unicorn/catch-error-name",
  "unicorn/consistent-function-scoping",
  "unicorn/empty-brace-spaces",
  "unicorn/error-message",
  "unicorn/escape-case",
  "unicorn/expiring-todo-comments",
  "unicorn/explicit-length-check",
  "unicorn/filename-case",
  "unicorn/import-style",
  "unicorn/new-for-builtins",
  "unicorn/no-anonymous-default-export",
  "unicorn/no-array-callback-reference",
  "unicorn/no-array-for-each",
  "unicorn/no-array-method-this-argument",
  "unicorn/no-array-push-push",
  "unicorn/no-array-reduce",
  "unicorn/no-await-expression-member",
  "unicorn/no-await-in-promise-methods",
  "unicorn/no-console-spaces",
  "unicorn/no-document-cookie",
  "unicorn/no-empty-file",
  "unicorn/no-for-loop",
  "unicorn/no-hex-escape",
  "unicorn/no-instanceof-array",
  "unicorn/no-invalid-remove-event-listener",
  "unicorn/no-lonely-if",
  "unicorn/no-negated-condition",
  "unicorn/no-nested-ternary",
  "unicorn/no-new-array",
  "unicorn/no-new-buffer",
  "unicorn/no-object-as-default-parameter",
  "unicorn/no-process-exit",
  "unicorn/no-single-promise-in-promise-methods",
  "unicorn/no-static-only-class",
  "unicorn/no-thenable",
  "unicorn/no-this-assignment",
  "unicorn/no-typeof-undefined",
  "unicorn/no-unnecessary-await",
  "unicorn/no-unnecessary-polyfills",
  "unicorn/no-unreadable-array-destructuring",
  "unicorn/no-unreadable-iife",
  "unicorn/no-useless-fallback-in-spread",
  "unicorn/no-useless-length-check",
  "unicorn/no-useless-promise-resolve-reject",
  "unicorn/no-useless-spread",
  "unicorn/no-useless-switch-case",
  "unicorn/no-useless-undefined",
  "unicorn/no-zero-fractions",
  "unicorn/number-literal-case",
  "unicorn/numeric-separators-style",
  "unicorn/prefer-add-event-listener",
  "unicorn/prefer-array-find",
  "unicorn/prefer-array-flat",
  "unicorn/prefer-array-flat-map",
  "unicorn/prefer-array-index-of",
  "unicorn/prefer-array-some",
  "unicorn/prefer-at",
  "unicorn/prefer-blob-reading-methods",
  "unicorn/prefer-code-point",
  "unicorn/prefer-date-now",
  "unicorn/prefer-default-parameters",
  "unicorn/prefer-dom-node-append",
  "unicorn/prefer-dom-node-dataset",
  "unicorn/prefer-dom-node-remove",
  "unicorn/prefer-dom-node-text-content",
  "unicorn/prefer-event-target",
  "unicorn/prefer-export-from",
  "unicorn/prefer-includes",
  "unicorn/prefer-keyboard-event-key",
  "unicorn/prefer-logical-operator-over-ternary",
  "unicorn/prefer-math-trunc",
  "unicorn/prefer-modern-dom-apis",
  "unicorn/prefer-modern-math-apis",
  "unicorn/prefer-module",
  "unicorn/prefer-native-coercion-functions",
  "unicorn/prefer-negative-index",
  "unicorn/prefer-node-protocol",
  "unicorn/prefer-number-properties",
  "unicorn/prefer-object-from-entries",
  "unicorn/prefer-optional-catch-binding",
  "unicorn/prefer-prototype-methods",
  "unicorn/prefer-query-selector",
  "unicorn/prefer-reflect-apply",
  "unicorn/prefer-regexp-test",
  "unicorn/prefer-set-has",
  "unicorn/prefer-set-size",
  "unicorn/prefer-spread",
  "unicorn/prefer-string-replace-all",
  "unicorn/prefer-string-slice",
  "unicorn/prefer-string-starts-ends-with",
  "unicorn/prefer-string-trim-start-end",
  "unicorn/prefer-switch",
  "unicorn/prefer-ternary",
  "unicorn/prefer-top-level-await",
  "unicorn/prefer-type-error",
  "unicorn/relative-url-style",
  "unicorn/require-array-join-separator",
  "unicorn/require-number-to-fixed-digits-argument",
  "unicorn/switch-case-braces",
  "unicorn/template-indent",
  "unicorn/text-encoding-identifier-case",
  "unicorn/throw-new-error",
  "use-isnan",
  "valid-typeof",
]
`;

exports[`base config > matches warning rules snapshot 1`] = `
[
  "promise/no-callback-in-promise",
  "promise/no-nesting",
  "promise/no-promise-in-callback",
  "promise/no-return-in-finally",
  "promise/valid-params",
]
`;
